---
source: crates/duckydeck-core/src/render.rs
expression: "ascii(&img, [0x12, 0x12, 0x12])"
---
........................................................................................................................................................................................................
........................................................................................................................................................................................................
........................................................................................................................................................................................................
........................................................................................................................................................................................................
........................................................................................................................................................................................................
.........#..............................................................................................................................................................................................
.........#..............................................................................................................................................................................................
......#..#..#...........................................................................................................................................................................................
.....#...#..#...........................................................................................................................................................................................
.....#...#...#..........................................................................................................................................................................................
.....#......++..........................................................................................................................................................................................
......#.....#...........................................................................................................................................................................................
......##...#+...........................................................................................................................................................................................
........###.............................................................................................................................................................................................
........................................................................................................................................................................................................
........................................................................................................................................................................................................
........................................................................................................................................................................................................
........................................................................................................................................................................................................
........................................................................................................................................................................................................
........................................................................................................................................................................................................
....################################################++++++++++++++++++++++++++++++++++++++++++++++++++++++++++++++++++++++++++++++++++++++++++++++++++++++++++++++++++++++++++++++++++++++++++++++++....
....################################################++++++++++++++++++++++++++++++++++++++++++++++++++++++++++++++++++++++++++++++++++++++++++++++++++++++++++++++++++++++++++++++++++++++++++++++++....
........................................................................................................................................................................................................
........................................................................................................................................................................................................
........................................................................................................................................................................................................
